// Jest Snapshot v1, https://goo.gl/fbAQLP

exports[`extends example schema generates expected schema 1`] = `
"scalar Date

enum EN {
  ONE
}

interface IF {
  field: String!
}

input In {
  test: String
}

type Obj {
  field: String!
}

type Query {
  test(arg1: String): String!
}

union UN = Obj
"
`;
